apiVersion: apps/v1
kind: DaemonSet
metadata:
  annotations: null
  labels:
    app.kubernetes.io/instance: traefik-syn-ingress-traefik
    app.kubernetes.io/managed-by: Helm
    app.kubernetes.io/name: traefik
    helm.sh/chart: traefik-34.4.1
  name: traefik
  namespace: syn-ingress-traefik
spec:
  minReadySeconds: 0
  selector:
    matchLabels:
      app.kubernetes.io/instance: traefik-syn-ingress-traefik
      app.kubernetes.io/name: traefik
  template:
    metadata:
      annotations:
        prometheus.io/path: /metrics
        prometheus.io/port: '9100'
        prometheus.io/scrape: 'true'
      labels:
        app.kubernetes.io/instance: traefik-syn-ingress-traefik
        app.kubernetes.io/managed-by: Helm
        app.kubernetes.io/name: traefik
        helm.sh/chart: traefik-34.4.1
    spec:
      automountServiceAccountToken: true
      containers:
        - args:
            - --global.checknewversion
            - --global.sendanonymoususage
            - --entryPoints.metrics.address=:9100/tcp
            - --entryPoints.traefik.address=:8080/tcp
            - --entryPoints.web.address=:8000/tcp
            - --entryPoints.websecure.address=:8443/tcp
            - --api.dashboard=true
            - --ping=true
            - --metrics.prometheus=true
            - --metrics.prometheus.entrypoint=metrics
            - --providers.kubernetescrd
            - --providers.kubernetescrd.allowEmptyServices=true
            - --providers.kubernetesingress
            - --providers.kubernetesingress.allowEmptyServices=true
            - --providers.kubernetesingress.ingressendpoint.publishedservice=syn-ingress-traefik/traefik
            - --entryPoints.web.http.redirections.entryPoint.to=:443
            - --entryPoints.web.http.redirections.entryPoint.scheme=https
            - --entryPoints.web.http.redirections.entryPoint.permanent=true
            - --entryPoints.websecure.http.tls=true
            - --log.level=INFO
          env:
            - name: POD_NAME
              valueFrom:
                fieldRef:
                  fieldPath: metadata.name
            - name: POD_NAMESPACE
              valueFrom:
                fieldRef:
                  fieldPath: metadata.namespace
          image: docker.io/traefik:v3.3.4
          imagePullPolicy: IfNotPresent
          lifecycle: null
          livenessProbe:
            failureThreshold: 3
            httpGet:
              path: /ping
              port: 8080
              scheme: HTTP
            initialDelaySeconds: 2
            periodSeconds: 10
            successThreshold: 1
            timeoutSeconds: 2
          name: traefik
          ports:
            - containerPort: 9100
              name: metrics
              protocol: TCP
            - containerPort: 8080
              name: traefik
              protocol: TCP
            - containerPort: 8000
              name: web
              protocol: TCP
            - containerPort: 8443
              name: websecure
              protocol: TCP
          readinessProbe:
            failureThreshold: 1
            httpGet:
              path: /ping
              port: 8080
              scheme: HTTP
            initialDelaySeconds: 2
            periodSeconds: 10
            successThreshold: 1
            timeoutSeconds: 2
          resources: null
          securityContext:
            allowPrivilegeEscalation: false
            capabilities:
              drop:
                - ALL
            readOnlyRootFilesystem: true
          volumeMounts:
            - mountPath: /data
              name: data
            - mountPath: /tmp
              name: tmp
      hostNetwork: false
      priorityClassName: system-cluster-critical
      securityContext:
        runAsGroup: 65532
        runAsNonRoot: true
        runAsUser: 65532
      serviceAccountName: traefik
      terminationGracePeriodSeconds: 60
      volumes:
        - emptyDir: {}
          name: data
        - emptyDir: {}
          name: tmp
  updateStrategy:
    rollingUpdate:
      maxSurge: 1
      maxUnavailable: 0
    type: RollingUpdate
