apiVersion: traefik.io/v1alpha1
kind: IngressRoute
metadata:
  annotations: null
  labels:
    app.kubernetes.io/instance: traefik-syn-ingress-traefik
    app.kubernetes.io/managed-by: Helm
    app.kubernetes.io/name: traefik
    helm.sh/chart: traefik-26.1.0
  name: traefik-dashboard
  namespace: syn-ingress-traefik
spec:
  entryPoints:
    - traefik
  routes:
    - kind: Rule
      match: PathPrefix(`/dashboard`) || PathPrefix(`/api`)
      services:
        - kind: TraefikService
          name: api@internal
