apiVersion: v1
kind: Namespace
metadata:
  annotations: {}
  labels:
    app.kubernetes.io/name: syn-ingress-traefik
    name: syn-ingress-traefik
    pod-security.kubernetes.io/enforce: privileged
  name: syn-ingress-traefik
