apiVersion: rbac.authorization.k8s.io/v1
kind: ClusterRoleBinding
metadata:
  labels:
    app.kubernetes.io/instance: traefik-syn-ingress-traefik
    app.kubernetes.io/managed-by: Helm
    app.kubernetes.io/name: traefik
    helm.sh/chart: traefik-26.1.0
  name: traefik-syn-ingress-traefik
roleRef:
  apiGroup: rbac.authorization.k8s.io
  kind: ClusterRole
  name: traefik-syn-ingress-traefik
subjects:
  - kind: ServiceAccount
    name: traefik
    namespace: syn-ingress-traefik
