apiVersion: rbac.authorization.k8s.io/v1
kind: ClusterRole
metadata:
  labels:
    app.kubernetes.io/instance: traefik-syn-ingress-traefik
    app.kubernetes.io/managed-by: Helm
    app.kubernetes.io/name: traefik
    helm.sh/chart: traefik-34.4.0
  name: traefik-syn-ingress-traefik
rules:
  - apiGroups:
      - ''
    resources:
      - nodes
    verbs:
      - get
      - list
      - watch
  - apiGroups:
      - ''
    resources:
      - services
    verbs:
      - get
      - list
      - watch
  - apiGroups:
      - discovery.k8s.io
    resources:
      - endpointslices
    verbs:
      - list
      - watch
  - apiGroups:
      - ''
    resources:
      - secrets
    verbs:
      - get
      - list
      - watch
  - apiGroups:
      - extensions
      - networking.k8s.io
    resources:
      - ingressclasses
      - ingresses
    verbs:
      - get
      - list
      - watch
  - apiGroups:
      - extensions
      - networking.k8s.io
    resources:
      - ingresses/status
    verbs:
      - update
  - apiGroups:
      - traefik.io
    resources:
      - ingressroutes
      - ingressroutetcps
      - ingressrouteudps
      - middlewares
      - middlewaretcps
      - serverstransports
      - serverstransporttcps
      - tlsoptions
      - tlsstores
      - traefikservices
    verbs:
      - get
      - list
      - watch
