apiVersion: v1
automountServiceAccountToken: false
kind: ServiceAccount
metadata:
  annotations: null
  labels:
    app.kubernetes.io/instance: traefik-syn-ingress-traefik
    app.kubernetes.io/managed-by: Helm
    app.kubernetes.io/name: traefik
    helm.sh/chart: traefik-34.4.0
  name: traefik
  namespace: syn-ingress-traefik
